<html>
<body>
<pre>
<h1>µVision Build Log</h1>
<h2>Project:</h2>
C:\Users\haris\Documents\ARM\krithika\mini\overspeed.uvproj
Project File Date:  02/20/2026

<h2>Output:</h2>
Build target 'Target 1'
compiling main.c...
linking...
Program Size: Code=3028 RO-data=32 RW-data=24 ZI-data=1256  
FromELF: creating hex file...
"overspeed.axf" - 0 Error(s), 0 Warning(s).
Build target 'Target 1'
compiling main.c...
linking...
Program Size: Code=3028 RO-data=32 RW-data=24 ZI-data=1256  
FromELF: creating hex file...
"overspeed.axf" - 0 Error(s), 0 Warning(s).
Build target 'Target 1'
compiling main.c...
linking...
Program Size: Code=3032 RO-data=32 RW-data=24 ZI-data=1256  
FromELF: creating hex file...
"overspeed.axf" - 0 Error(s), 0 Warning(s).
