<html>
<body>
<pre>
<h1>µVision Build Log</h1>
<h2>Project:</h2>
C:\Users\haris\Documents\ARM\krithika\mini\overspeed.uvproj
Project File Date:  02/20/2026

<h2>Output:</h2>
Build target 'Target 1'
compiling main.c...
main.c(19): error:  #127: expected a statement
main.c(20): error:  #20: identifier "LED" is undefined
main.c(37): warning:  #223-D: function "str" declared implicitly
Target not created
Build target 'Target 1'
compiling main.c...
main.c(19): error:  #127: expected a statement
main.c(37): warning:  #223-D: function "str" declared implicitly
Target not created
Build target 'Target 1'
compiling main.c...
main.c(5): error:  #40: expected an identifier
main.c(20): error:  #127: expected a statement
Target not created
Build target 'Target 1'
compiling main.c...
main.c(5): error:  #40: expected an identifier
main.c(20): error:  #127: expected a statement
Target not created
Build target 'Target 1'
compiling main.c...
main.c(5): error:  #40: expected an identifier
main.c(20): error:  #127: expected a statement
Target not created
Build target 'Target 1'
compiling main.c...
main.c(5): error:  #40: expected an identifier
main.c(20): error:  #127: expected a statement
Target not created
Build target 'Target 1'
compiling main.c...
main.c(6): error:  #40: expected an identifier
main.c(21): error:  #127: expected a statement
Target not created
Build target 'Target 1'
compiling main.c...
main.c(6): error:  #40: expected an identifier
main.c(21): error:  #127: expected a statement
Target not created
Build target 'Target 1'
compiling main.c...
main.c(6): error:  #40: expected an identifier
main.c(21): error:  #127: expected a statement
Target not created
Build target 'Target 1'
compiling main.c...
main.c(6): error:  #40: expected an identifier
main.c(21): error:  #127: expected a statement
Target not created
Build target 'Target 1'
compiling main.c...
main.c(6): error:  #40: expected an identifier
Target not created
Build target 'Target 1'
compiling main.c...
main.c(9): error:  #40: expected an identifier
Target not created
Build target 'Target 1'
compiling main.c...
main.c(9): warning:  #177-D: variable "Dt" was declared but never referenced
linking...
Program Size: Code=2084 RO-data=32 RW-data=8 ZI-data=1256  
FromELF: creating hex file...
"overspeed.axf" - 0 Error(s), 1 Warning(s).
Build target 'Target 1'
compiling main.c...
linking...
Program Size: Code=1680 RO-data=32 RW-data=8 ZI-data=1256  
FromELF: creating hex file...
"overspeed.axf" - 0 Error(s), 0 Warning(s).
Build target 'Target 1'
compiling main.c...
linking...
Program Size: Code=1684 RO-data=32 RW-data=8 ZI-data=1256  
FromELF: creating hex file...
"overspeed.axf" - 0 Error(s), 0 Warning(s).
Build target 'Target 1'
compiling main.c...
linking...
Program Size: Code=2332 RO-data=32 RW-data=8 ZI-data=1256  
FromELF: creating hex file...
"overspeed.axf" - 0 Error(s), 0 Warning(s).
Build target 'Target 1'
linking...
Program Size: Code=2332 RO-data=32 RW-data=8 ZI-data=1256  
FromELF: creating hex file...
"overspeed.axf" - 0 Error(s), 0 Warning(s).
Build target 'Target 1'
linking...
Program Size: Code=2332 RO-data=32 RW-data=8 ZI-data=1256  
FromELF: creating hex file...
"overspeed.axf" - 0 Error(s), 0 Warning(s).
Build target 'Target 1'
compiling main.c...
linking...
Program Size: Code=2332 RO-data=32 RW-data=8 ZI-data=1256  
FromELF: creating hex file...
"overspeed.axf" - 0 Error(s), 0 Warning(s).
Build target 'Target 1'
compiling main.c...
linking...
Program Size: Code=2336 RO-data=32 RW-data=8 ZI-data=1256  
FromELF: creating hex file...
"overspeed.axf" - 0 Error(s), 0 Warning(s).
Build target 'Target 1'
compiling main.c...
linking...
Program Size: Code=2340 RO-data=32 RW-data=8 ZI-data=1256  
FromELF: creating hex file...
"overspeed.axf" - 0 Error(s), 0 Warning(s).
Build target 'Target 1'
compiling main.c...
linking...
Program Size: Code=2300 RO-data=32 RW-data=8 ZI-data=1256  
FromELF: creating hex file...
"overspeed.axf" - 0 Error(s), 0 Warning(s).
Build target 'Target 1'
linking...
Program Size: Code=2300 RO-data=32 RW-data=8 ZI-data=1256  
FromELF: creating hex file...
"overspeed.axf" - 0 Error(s), 0 Warning(s).
Build target 'Target 1'
compiling main.c...
linking...
Program Size: Code=2300 RO-data=32 RW-data=8 ZI-data=1256  
FromELF: creating hex file...
"overspeed.axf" - 0 Error(s), 0 Warning(s).
Build target 'Target 1'
compiling main.c...
linking...
Program Size: Code=2336 RO-data=32 RW-data=8 ZI-data=1256  
FromELF: creating hex file...
"overspeed.axf" - 0 Error(s), 0 Warning(s).
Build target 'Target 1'
compiling main.c...
linking...
Program Size: Code=2356 RO-data=32 RW-data=8 ZI-data=1256  
FromELF: creating hex file...
"overspeed.axf" - 0 Error(s), 0 Warning(s).
Build target 'Target 1'
compiling main.c...
linking...
Program Size: Code=2396 RO-data=32 RW-data=8 ZI-data=1256  
FromELF: creating hex file...
"overspeed.axf" - 0 Error(s), 0 Warning(s).
Build target 'Target 1'
compiling main.c...
linking...
Program Size: Code=2396 RO-data=32 RW-data=8 ZI-data=1256  
FromELF: creating hex file...
"overspeed.axf" - 0 Error(s), 0 Warning(s).
Build target 'Target 1'
linking...
Program Size: Code=2396 RO-data=32 RW-data=8 ZI-data=1256  
FromELF: creating hex file...
"overspeed.axf" - 0 Error(s), 0 Warning(s).
Build target 'Target 1'
compiling main.c...
linking...
Program Size: Code=2376 RO-data=32 RW-data=8 ZI-data=1256  
FromELF: creating hex file...
"overspeed.axf" - 0 Error(s), 0 Warning(s).
Build target 'Target 1'
compiling main.c...
linking...
Program Size: Code=2368 RO-data=32 RW-data=8 ZI-data=1256  
FromELF: creating hex file...
"overspeed.axf" - 0 Error(s), 0 Warning(s).
Build target 'Target 1'
compiling main.c...
linking...
Program Size: Code=2340 RO-data=32 RW-data=8 ZI-data=1256  
FromELF: creating hex file...
"overspeed.axf" - 0 Error(s), 0 Warning(s).
Build target 'Target 1'
compiling main.c...
linking...
Program Size: Code=2272 RO-data=32 RW-data=8 ZI-data=1256  
FromELF: creating hex file...
"overspeed.axf" - 0 Error(s), 0 Warning(s).
Build target 'Target 1'
compiling main.c...
main.c(96): warning:  #1-D: last line of file ends without a newline
linking...
Program Size: Code=2504 RO-data=32 RW-data=24 ZI-data=1256  
FromELF: creating hex file...
"overspeed.axf" - 0 Error(s), 1 Warning(s).
Build target 'Target 1'
compiling main.c...
linking...
Program Size: Code=2504 RO-data=32 RW-data=24 ZI-data=1256  
FromELF: creating hex file...
"overspeed.axf" - 0 Error(s), 0 Warning(s).
Build target 'Target 1'
compiling main.c...
linking...
Program Size: Code=2504 RO-data=32 RW-data=24 ZI-data=1256  
FromELF: creating hex file...
"overspeed.axf" - 0 Error(s), 0 Warning(s).
Build target 'Target 1'
compiling main.c...
linking...
Program Size: Code=2504 RO-data=32 RW-data=24 ZI-data=1256  
FromELF: creating hex file...
"overspeed.axf" - 0 Error(s), 0 Warning(s).
Build target 'Target 1'
linking...
Program Size: Code=2504 RO-data=32 RW-data=24 ZI-data=1256  
FromELF: creating hex file...
"overspeed.axf" - 0 Error(s), 0 Warning(s).
Build target 'Target 1'
compiling main.c...
linking...
Program Size: Code=2504 RO-data=32 RW-data=24 ZI-data=1256  
FromELF: creating hex file...
"overspeed.axf" - 0 Error(s), 0 Warning(s).
Build target 'Target 1'
linking...
Program Size: Code=2504 RO-data=32 RW-data=24 ZI-data=1256  
FromELF: creating hex file...
"overspeed.axf" - 0 Error(s), 0 Warning(s).
Build target 'Target 1'
linking...
Program Size: Code=2504 RO-data=32 RW-data=24 ZI-data=1256  
FromELF: creating hex file...
"overspeed.axf" - 0 Error(s), 0 Warning(s).
Build target 'Target 1'
compiling main.c...
linking...
Program Size: Code=2504 RO-data=32 RW-data=24 ZI-data=1256  
FromELF: creating hex file...
"overspeed.axf" - 0 Error(s), 0 Warning(s).
Build target 'Target 1'
linking...
Program Size: Code=2504 RO-data=32 RW-data=24 ZI-data=1256  
FromELF: creating hex file...
"overspeed.axf" - 0 Error(s), 0 Warning(s).
Build target 'Target 1'
compiling main.c...
linking...
Program Size: Code=2504 RO-data=32 RW-data=24 ZI-data=1256  
FromELF: creating hex file...
"overspeed.axf" - 0 Error(s), 0 Warning(s).
Build target 'Target 1'
linking...
Program Size: Code=2504 RO-data=32 RW-data=24 ZI-data=1256  
FromELF: creating hex file...
"overspeed.axf" - 0 Error(s), 0 Warning(s).
Build target 'Target 1'
compiling main.c...
linking...
Program Size: Code=2332 RO-data=32 RW-data=24 ZI-data=1256  
FromELF: creating hex file...
"overspeed.axf" - 0 Error(s), 0 Warning(s).
Build target 'Target 1'
linking...
Program Size: Code=2332 RO-data=32 RW-data=24 ZI-data=1256  
FromELF: creating hex file...
"overspeed.axf" - 0 Error(s), 0 Warning(s).
Build target 'Target 1'
compiling main.c...
linking...
Program Size: Code=2328 RO-data=32 RW-data=24 ZI-data=1256  
FromELF: creating hex file...
"overspeed.axf" - 0 Error(s), 0 Warning(s).
Build target 'Target 1'
compiling main.c...
linking...
Program Size: Code=2228 RO-data=32 RW-data=20 ZI-data=1260  
FromELF: creating hex file...
"overspeed.axf" - 0 Error(s), 0 Warning(s).
Build target 'Target 1'
linking...
Program Size: Code=2228 RO-data=32 RW-data=20 ZI-data=1260  
FromELF: creating hex file...
"overspeed.axf" - 0 Error(s), 0 Warning(s).
Build target 'Target 1'
compiling main.c...
linking...
Program Size: Code=2284 RO-data=32 RW-data=20 ZI-data=1260  
FromELF: creating hex file...
"overspeed.axf" - 0 Error(s), 0 Warning(s).
Build target 'Target 1'
compiling main.c...
linking...
Program Size: Code=2276 RO-data=32 RW-data=20 ZI-data=1260  
FromELF: creating hex file...
"overspeed.axf" - 0 Error(s), 0 Warning(s).
Build target 'Target 1'
linking...
Program Size: Code=2276 RO-data=32 RW-data=20 ZI-data=1260  
FromELF: creating hex file...
"overspeed.axf" - 0 Error(s), 0 Warning(s).
Build target 'Target 1'
linking...
Program Size: Code=2276 RO-data=32 RW-data=20 ZI-data=1260  
FromELF: creating hex file...
"overspeed.axf" - 0 Error(s), 0 Warning(s).
Build target 'Target 1'
compiling main.c...
main.c(53): error:  #20: identifier "detected" is undefined
Target not created
Build target 'Target 1'
compiling main.c...
linking...
Program Size: Code=2320 RO-data=32 RW-data=24 ZI-data=1256  
FromELF: creating hex file...
"overspeed.axf" - 0 Error(s), 0 Warning(s).
Build target 'Target 1'
compiling main.c...
linking...
Program Size: Code=2536 RO-data=32 RW-data=24 ZI-data=1256  
FromELF: creating hex file...
"overspeed.axf" - 0 Error(s), 0 Warning(s).
Build target 'Target 1'
compiling main.c...
linking...
Program Size: Code=2532 RO-data=32 RW-data=24 ZI-data=1256  
FromELF: creating hex file...
"overspeed.axf" - 0 Error(s), 0 Warning(s).
Build target 'Target 1'
compiling main.c...
linking...
Program Size: Code=2512 RO-data=32 RW-data=24 ZI-data=1256  
FromELF: creating hex file...
"overspeed.axf" - 0 Error(s), 0 Warning(s).
Build target 'Target 1'
compiling main.c...
linking...
Program Size: Code=2512 RO-data=32 RW-data=24 ZI-data=1256  
FromELF: creating hex file...
"overspeed.axf" - 0 Error(s), 0 Warning(s).
Build target 'Target 1'
compiling main.c...
linking...
Program Size: Code=2524 RO-data=32 RW-data=24 ZI-data=1256  
FromELF: creating hex file...
"overspeed.axf" - 0 Error(s), 0 Warning(s).
Build target 'Target 1'
compiling main.c...
linking...
Program Size: Code=2524 RO-data=32 RW-data=24 ZI-data=1256  
FromELF: creating hex file...
"overspeed.axf" - 0 Error(s), 0 Warning(s).
Build target 'Target 1'
compiling main.c...
main.c(94): error:  #65: expected a ";"
Target not created
Build target 'Target 1'
compiling main.c...
linking...
Program Size: Code=2484 RO-data=32 RW-data=24 ZI-data=1256  
FromELF: creating hex file...
"overspeed.axf" - 0 Error(s), 0 Warning(s).
Build target 'Target 1'
compiling main.c...
linking...
Program Size: Code=2512 RO-data=32 RW-data=24 ZI-data=1256  
FromELF: creating hex file...
"overspeed.axf" - 0 Error(s), 0 Warning(s).
Build target 'Target 1'
compiling main.c...
linking...
Program Size: Code=2500 RO-data=32 RW-data=24 ZI-data=1256  
FromELF: creating hex file...
"overspeed.axf" - 0 Error(s), 0 Warning(s).
Build target 'Target 1'
compiling main.c...
linking...
Program Size: Code=2504 RO-data=32 RW-data=24 ZI-data=1256  
FromELF: creating hex file...
"overspeed.axf" - 0 Error(s), 0 Warning(s).
Build target 'Target 1'
compiling main.c...
linking...
Program Size: Code=2512 RO-data=32 RW-data=24 ZI-data=1256  
FromELF: creating hex file...
"overspeed.axf" - 0 Error(s), 0 Warning(s).
